Microchip MPLAB XC8 Compiler V2.46

Linker command line:

-W-3 \
  --edf=C:/Users/Nayyar/.mchp_packs/Microchip/PIC18F-Q_DFP/1.25.433/xc8\pic\dat\20240223164052_en.msgs \
  -cn -h+dist/default/debug\Test_Uart.X.debug.sym \
  --cmf=dist/default/debug\Test_Uart.X.debug.cmf -z -Q18F27Q10 \
  -oC:\Users\Nayyar\AppData\Local\Temp\xcAseh8.\driver_tmp_3.o \
  --defsym=__MPLAB_BUILD=1 --fixupoverflow=error \
  -Mdist/default/debug/Test_Uart.X.debug.map \
  --md=C:\Users\Nayyar\AppData\Local\Temp\xcAseh8.\driver_tmp_0.dat -E1 \
  -ver=XC8 Compiler --acfsm=1493 -ACODE=00h-01FFFFh -ACONST=00h-01FFFFh \
  -ASMALLCONST=0F00h-0FFFhx497 -AMEDIUMCONST=0F00h-0FFFFh,010F00h-01FFFFh \
  -ACOMRAM=01h-05Fh -AABS1=00h-0CFFh,0E00h-0E1Eh \
  -ABIGRAM=01h-0CFFh,0E00h-0E1Eh -ARAM=060h-0FFh,0100h-01FFhx12,0E00h-0E1Eh \
  -ABANK0=060h-0FFh -ABANK1=0100h-01FFh -ABANK2=0200h-02FFh \
  -ABANK3=0300h-03FFh -ABANK4=0400h-04FFh -ABANK5=0500h-05FFh \
  -ABANK6=0600h-06FFh -ABANK7=0700h-07FFh -ABANK8=0800h-08FFh \
  -ABANK9=0900h-09FFh -ABANK10=0A00h-0AFFh -ABANK11=0B00h-0BFFh \
  -ABANK12=0C00h-0CFFh -ABANK14=0E00h-0E1Eh \
  -ASFR=0D00h-0DFFh,0E1Fh-0EFFh,0F00h-0F5Fh,0F60h-0FFFh \
  -ABIGSFR=0D00h-0DFFh,0E1Fh-0FFFh -ACONFIG=0300000h-030000Bh \
  -AIDLOC=0200000h-02000FFh -AEEDATA=0310000h-03103FFh -peeprom_data=EEDATA \
  -preset_vec=00h,intcode=8h,intcodelo,powerup,init -pramtop=0F00h \
  -psmallconst=SMALLCONST -pmediumconst=MEDIUMCONST -pconst=CONST \
  -AFARRAM=00h-00h \
  -prdata=COMRAM,nvrram=COMRAM,nvbit=COMRAM,rbss=COMRAM,rbit=COMRAM \
  -pfarbss=FARRAM,fardata=FARRAM,nvFARRAM=FARRAM \
  -pintsave_regs=BIGRAM,bigbss=BIGRAM,bigdata=BIGRAM -pbss=RAM \
  -pidata=CODE,irdata=CODE,ibigdata=CODE,ifardata=CODE -prparam=COMRAM \
  C:\Users\Nayyar\AppData\Local\Temp\xcAseh8.\driver_tmp_9.o \
  dist/default/debug\Test_Uart.X.debug.o 

Object code version is 3.11

Machine type is 18F27Q10



                Name                               Link     Load   Length Selector   Space Scale
C:\Users\Nayyar\AppData\Local\Temp\xcAseh8.\driver_tmp_9.o
                config                           300000   300000        C        0       4
                init                                 30       30        4        4       0
                reset_vec                             0        0        4        0       0
dist/default/debug\Test_Uart.X.debug.o
                intcode                               8        8       28        4       0
                config                           300000   300000        C        0       4
                temp                                 17       17        1        1       1
                smallconst                          F00      F00       70      780       0
                text16                             1200     1200        2      7B8       0
                text14                             117A     117A       18      7B8       0
                text13                             1158     1158       22      7B8       0
                text12                             1136     1136       22      7B8       0
                text11                             10A2     10A2       3E      7B8       0
                text10                             11EA     11EA        E      7B8       0
                text9                              11DC     11DC        E      7B8       0
                text8                              11CE     11CE        E      7B8       0
                text7                              105C     105C       46      7B8       0
                text6                               F70      F70       88      7B8       0
                text5                              11BC     11BC       12      7B8       0
                text4                              11A8     11A8       14      7B8       0
                text3                              110C     110C       2A      7B8       0
                text2                              11F8     11F8        8      7B8       0
                text1                               FF8      FF8       64      7B8       0
                text0                              10E0     10E0       2C      7B8       0
                cstackCOMRAM                         12       12        5        1       1
                bssCOMRAM                             1        1       11        1       1
                cinit                              1192     1192       16      7B8       0

TOTAL           Name                               Link     Load   Length     Space
        CLASS   CODE           
                intcode                               8        8       28         0
                init                                 30       30        4         0
                reset_vec                             0        0        4         0
                text16                             1200     1200        2         0
                text14                             117A     117A       18         0
                text13                             1158     1158       22         0
                text12                             1136     1136       22         0
                text11                             10A2     10A2       3E         0
                text10                             11EA     11EA        E         0
                text9                              11DC     11DC        E         0
                text8                              11CE     11CE        E         0
                text7                              105C     105C       46         0
                text6                               F70      F70       88         0
                text5                              11BC     11BC       12         0
                text4                              11A8     11A8       14         0
                text3                              110C     110C       2A         0
                text2                              11F8     11F8        8         0
                text1                               FF8      FF8       64         0
                text0                              10E0     10E0       2C         0
                cinit                              1192     1192       16         0

        CLASS   CONST          

        CLASS   SMALLCONST     
                smallconst                          F00      F00       70         0

        CLASS   MEDIUMCONST    

        CLASS   COMRAM         
                temp                                 17       17        1         1
                cstackCOMRAM                         12       12        5         1
                bssCOMRAM                             1        1       11         1

        CLASS   ABS1           

        CLASS   BIGRAM         

        CLASS   RAM            

        CLASS   BANK0          

        CLASS   BANK1          

        CLASS   BANK2          

        CLASS   BANK3          

        CLASS   BANK4          

        CLASS   BANK5          

        CLASS   BANK6          

        CLASS   BANK7          

        CLASS   BANK8          

        CLASS   BANK9          

        CLASS   BANK10         

        CLASS   BANK11         

        CLASS   BANK12         

        CLASS   BANK14         

        CLASS   SFR            

        CLASS   BIGSFR         

        CLASS   CONFIG         
                config                           300000   300000        C         4

        CLASS   IDLOC          

        CLASS   EEDATA         

        CLASS   FARRAM         

        CLASS   HEAP           

        CLASS   STACK          



SEGMENTS        Name                           Load    Length   Top    Selector   Space  Class

                reset_vec                      000000  000004  000004         0       0  CODE    
                bssCOMRAM                      000001  000017  000018         1       1  COMRAM  
                intcode                        000008  00002C  000034         4       0  CODE    
                smallconst                     000F00  000070  000F70       780       0  SMALLCON
                text6                          000F70  000292  001202       7B8       0  CODE    


UNUSED ADDRESS RANGES

        Name                Unused          Largest block    Delta
        BANK0            000060-0000FF               A0
        BANK1            000100-0001FF              100
        BANK10           000A00-000AFF              100
        BANK11           000B00-000BFF              100
        BANK12           000C00-000CFF              100
        BANK14           000E00-000E1E               1F
        BANK2            000200-0002FF              100
        BANK3            000300-0003FF              100
        BANK4            000400-0004FF              100
        BANK5            000500-0005FF              100
        BANK6            000600-0006FF              100
        BANK7            000700-0007FF              100
        BANK8            000800-0008FF              100
        BANK9            000900-0009FF              100
        BIGRAM           000018-000CFF              CE8
                         000E00-000E1E               1F
        BIGSFR           000D00-000DFF              100
                         000E1F-000FFF              1E1
        CODE             000004-000007                4
                         000034-000EFF              ECC
                         001202-01FFFF            1EDFE
        COMRAM           000018-00005F               48
        CONST            000004-000007                4
                         000034-000EFF              ECC
                         001202-01FFFF            1EDFE
        EEDATA           310000-3103FF              400
        IDLOC            200000-2000FF              100
        MEDIUMCONST      001202-00FFFF             EDFE
                         010F00-01FFFF             F100
        RAM              000060-000CFF              100
                         000E00-000E1E               1F
        SFR              000D00-000DFF              100
                         000E1F-000FFF               E1
        SMALLCONST       001202-01FFFF              100

                                  Symbol Table

EUSART1_FramingErrorCallbackRegister@callbackHandler cstackCOMRAM 000012
EUSART1_OverrunErrorCallbackRegister@callbackHandler cstackCOMRAM 000012
EUSART1_Write@txData                                 cstackCOMRAM 000012
INT0_SetInterruptHandler@InterruptHandler            cstackCOMRAM 000012
INT1_SetInterruptHandler@InterruptHandler            cstackCOMRAM 000012
INT2_SetInterruptHandler@InterruptHandler            cstackCOMRAM 000012
UART1_sendString@str                                 cstackCOMRAM 000013
_ANSELA                                              (abs)        000F0C
_ANSELB                                              (abs)        000F14
_ANSELC                                              (abs)        000F1C
_BAUD1CON                                            (abs)        000F9E
_BAUD1CONbits                                        (abs)        000F9E
_CLOCK_Initialize                                    text14       00117A
_EUSART1_AutoBaudQuery                               (abs)        000000
_EUSART1_AutoBaudSet                                 (abs)        000000
_EUSART1_DefaultFramingErrorCallback                 (abs)        000000
_EUSART1_DefaultOverrunErrorCallback                 (abs)        000000
_EUSART1_Deinitialize                                (abs)        000000
_EUSART1_ErrorGet                                    (abs)        000000
_EUSART1_FramingErrorCallbackRegister                text13       001158
_EUSART1_FramingErrorHandler                         bssCOMRAM    00000D
_EUSART1_Initialize                                  text11       0010A2
_EUSART1_IsRxReady                                   (abs)        000000
_EUSART1_IsTxDone                                    text4        0011A8
_EUSART1_IsTxReady                                   text3        00110C
_EUSART1_IsTxReady$458                               cstackCOMRAM 000012
_EUSART1_OverrunErrorCallbackRegister                text12       001136
_EUSART1_OverrunErrorHandler                         bssCOMRAM    00000A
_EUSART1_Read                                        (abs)        000000
_EUSART1_TransmitDisable                             (abs)        000000
_EUSART1_TransmitEnable                              (abs)        000000
_EUSART1_Write                                       text2        0011F8
_INLVLA                                              (abs)        000F08
_INLVLB                                              (abs)        000F10
_INLVLC                                              (abs)        000F18
_INLVLE                                              (abs)        000F25
_INT0_DefaultInterruptHandler                        (abs)        000000
_INT0_InterruptHandler                               bssCOMRAM    000007
_INT0_SetInterruptHandler                            text10       0011EA
_INT1_DefaultInterruptHandler                        (abs)        000000
_INT1_InterruptHandler                               bssCOMRAM    000004
_INT1_SetInterruptHandler                            text9        0011DC
_INT2_DefaultInterruptHandler                        (abs)        000000
_INT2_InterruptHandler                               bssCOMRAM    000001
_INT2_SetInterruptHandler                            text8        0011CE
_INTCONbits                                          (abs)        000FF2
_INTERRUPT_Initialize                                text7        00105C
_INTERRUPT_InterruptManager                          intcode      000008
_IOCAF                                               (abs)        000F05
_IOCAN                                               (abs)        000F06
_IOCAP                                               (abs)        000F07
_IOCBF                                               (abs)        000F0D
_IOCBN                                               (abs)        000F0E
_IOCBP                                               (abs)        000F0F
_IOCCF                                               (abs)        000F15
_IOCCN                                               (abs)        000F16
_IOCCP                                               (abs)        000F17
_IOCEF                                               (abs)        000F22
_IOCEN                                               (abs)        000F23
_IOCEP                                               (abs)        000F24
_LATA                                                (abs)        000F82
_LATB                                                (abs)        000F83
_LATC                                                (abs)        000F84
_ODCONA                                              (abs)        000F0A
_ODCONB                                              (abs)        000F12
_ODCONC                                              (abs)        000F1A
_OSCCON1                                             (abs)        000ED3
_OSCCON3                                             (abs)        000ED5
_OSCEN                                               (abs)        000ED7
_OSCFRQ                                              (abs)        000ED9
_OSCTUNE                                             (abs)        000ED8
_PIE0bits                                            (abs)        000EBD
_PIN_MANAGER_IOC                                     text16       001200
_PIN_MANAGER_Initialize                              text6        000F70
_PIR0bits                                            (abs)        000EC5
_PIR3bits                                            (abs)        000EC8
_RB4PPS                                              (abs)        000EEE
_RC1REG                                              (abs)        000F98
_RC1STA                                              (abs)        000F9C
_RC1STAbits                                          (abs)        000F9C
_RX1PPS                                              (abs)        000EB0
_SLRCONA                                             (abs)        000F09
_SLRCONB                                             (abs)        000F11
_SLRCONC                                             (abs)        000F19
_SP1BRGH                                             (abs)        000F9B
_SP1BRGL                                             (abs)        000F9A
_SYSTEM_Initialize                                   text5        0011BC
_TRISA                                               (abs)        000F87
_TRISB                                               (abs)        000F88
_TRISC                                               (abs)        000F89
_TX1REG                                              (abs)        000F99
_TX1STA                                              (abs)        000F9D
_TX1STAbits                                          (abs)        000F9D
_UART1                                               smallconst   000F01
_UART1_sendString                                    text1        000FF8
_WPUA                                                (abs)        000F0B
_WPUB                                                (abs)        000F13
_WPUC                                                (abs)        000F1B
_WPUE                                                (abs)        000F28
__HRAM                                               (abs)        000000
__H__absolute__                                      __absolute__ 000000
__Habs1                                              abs1         000000
__Hbank0                                             bank0        000000
__Hbank1                                             bank1        000000
__Hbank10                                            bank10       000000
__Hbank11                                            bank11       000000
__Hbank12                                            bank12       000000
__Hbank14                                            bank14       000000
__Hbank2                                             bank2        000000
__Hbank3                                             bank3        000000
__Hbank4                                             bank4        000000
__Hbank5                                             bank5        000000
__Hbank6                                             bank6        000000
__Hbank7                                             bank7        000000
__Hbank8                                             bank8        000000
__Hbank9                                             bank9        000000
__Hbigbss                                            bigbss       000000
__Hbigdata                                           bigdata      000000
__Hbigram                                            bigram       000000
__Hbigsfr                                            bigsfr       000000
__Hbss                                               bss          000000
__HbssCOMRAM                                         bssCOMRAM    000000
__Hcinit                                             cinit        000000
__Hclrtext                                           clrtext      000000
__Hcomram                                            comram       000000
__Hconfig                                            config       30000C
__Hconst                                             const        000000
__HcstackCOMRAM                                      cstackCOMRAM 000000
__Hdata                                              data         000000
__Heeprom_data                                       eeprom_data  000000
__Hfarbss                                            farbss       000000
__Hfardata                                           fardata      000000
__Hheap                                              heap         000000
__Hibigdata                                          ibigdata     000000
__Hidata                                             idata        000000
__Hidloc                                             idloc        000000
__Hifardata                                          ifardata     000000
__Hinit                                              init         000034
__Hintcode                                           intcode      000030
__Hintcode_body                                      intcode_body 000000
__Hintcodelo                                         intcodelo    000030
__Hintentry                                          intentry     000000
__Hintret                                            intret       000000
__Hintsave_regs                                      intsave_regs 000000
__Hirdata                                            irdata       000000
__Hmediumconst                                       mediumconst  000000
__HnvFARRAM                                          nvFARRAM     000000
__Hnvbit                                             nvbit        000000
__Hnvrram                                            nvrram       000000
__Hparam                                             rparam       000000
__Hpowerup                                           powerup      000030
__Hram                                               ram          000000
__Hramtop                                            ramtop       000F00
__Hrbit                                              rbit         000000
__Hrbss                                              rbss         000000
__Hrdata                                             rdata        000000
__Hreset_vec                                         reset_vec    000004
__Hrparam                                            rparam       000000
__Hsfr                                               sfr          000000
__Hsivt_hi                                           sivt_hi      000000
__Hsivt_lo                                           sivt_lo      000000
__Hsmallconst                                        smallconst   000F70
__Hspace_0                                           (abs)        001202
__Hspace_1                                           (abs)        000018
__Hspace_2                                           (abs)        000000
__Hspace_4                                           (abs)        60000C
__Hstack                                             stack        000000
__Hstruct                                            struct       000000
__Htemp                                              temp         000018
__Htext                                              text         000000
__Htext0                                             text0        000000
__Htext1                                             text1        000000
__Htext10                                            text10       000000
__Htext11                                            text11       000000
__Htext12                                            text12       000000
__Htext13                                            text13       000000
__Htext14                                            text14       000000
__Htext16                                            text16       000000
__Htext2                                             text2        000000
__Htext3                                             text3        000000
__Htext4                                             text4        000000
__Htext5                                             text5        000000
__Htext6                                             text6        000000
__Htext7                                             text7        000000
__Htext8                                             text8        000000
__Htext9                                             text9        000000
__LRAM                                               (abs)        000001
__L__absolute__                                      __absolute__ 000000
__Labs1                                              abs1         000000
__Lbank0                                             bank0        000000
__Lbank1                                             bank1        000000
__Lbank10                                            bank10       000000
__Lbank11                                            bank11       000000
__Lbank12                                            bank12       000000
__Lbank14                                            bank14       000000
__Lbank2                                             bank2        000000
__Lbank3                                             bank3        000000
__Lbank4                                             bank4        000000
__Lbank5                                             bank5        000000
__Lbank6                                             bank6        000000
__Lbank7                                             bank7        000000
__Lbank8                                             bank8        000000
__Lbank9                                             bank9        000000
__Lbigbss                                            bigbss       000000
__Lbigdata                                           bigdata      000000
__Lbigram                                            bigram       000000
__Lbigsfr                                            bigsfr       000000
__Lbss                                               bss          000000
__LbssCOMRAM                                         bssCOMRAM    000000
__Lcinit                                             cinit        000000
__Lclrtext                                           clrtext      000000
__Lcomram                                            comram       000000
__Lconfig                                            config       000000
__Lconst                                             const        000000
__LcstackCOMRAM                                      cstackCOMRAM 000000
__Ldata                                              data         000000
__Leeprom_data                                       eeprom_data  000000
__Lfarbss                                            farbss       000000
__Lfardata                                           fardata      000000
__Lheap                                              heap         000000
__Libigdata                                          ibigdata     000000
__Lidata                                             idata        000000
__Lidloc                                             idloc        000000
__Lifardata                                          ifardata     000000
__Linit                                              init         000030
__Lintcode                                           intcode      000008
__Lintcode_body                                      intcode_body 000000
__Lintcodelo                                         intcodelo    000030
__Lintentry                                          intentry     000000
__Lintret                                            intret       000000
__Lintsave_regs                                      intsave_regs 000000
__Lirdata                                            irdata       000000
__Lmediumconst                                       mediumconst  000000
__LnvFARRAM                                          nvFARRAM     000000
__Lnvbit                                             nvbit        000000
__Lnvrram                                            nvrram       000000
__Lparam                                             rparam       000000
__Lpowerup                                           powerup      000030
__Lram                                               ram          000000
__Lramtop                                            ramtop       000F00
__Lrbit                                              rbit         000000
__Lrbss                                              rbss         000000
__Lrdata                                             rdata        000000
__Lreset_vec                                         reset_vec    000000
__Lrparam                                            rparam       000000
__Lsfr                                               sfr          000000
__Lsivt_hi                                           sivt_hi      000000
__Lsivt_lo                                           sivt_lo      000000
__Lsmallconst                                        smallconst   000F00
__Lspace_0                                           (abs)        000000
__Lspace_1                                           (abs)        000000
__Lspace_2                                           (abs)        000000
__Lspace_4                                           (abs)        000000
__Lstack                                             stack        000000
__Lstruct                                            struct       000000
__Ltemp                                              temp         000017
__Ltext                                              text         000000
__Ltext0                                             text0        000000
__Ltext1                                             text1        000000
__Ltext10                                            text10       000000
__Ltext11                                            text11       000000
__Ltext12                                            text12       000000
__Ltext13                                            text13       000000
__Ltext14                                            text14       000000
__Ltext16                                            text16       000000
__Ltext2                                             text2        000000
__Ltext3                                             text3        000000
__Ltext4                                             text4        000000
__Ltext5                                             text5        000000
__Ltext6                                             text6        000000
__Ltext7                                             text7        000000
__Ltext8                                             text8        000000
__Ltext9                                             text9        000000
__S0                                                 (abs)        001202
__S1                                                 (abs)        000018
__S4                                                 (abs)        000000
__S5                                                 (abs)        000000
___heap_hi                                           (abs)        000000
___heap_lo                                           (abs)        000000
___inthi_sp                                          stack        000000
___inthi_stack_hi                                    stack        000000
___inthi_stack_lo                                    stack        000000
___intlo_sp                                          stack        000000
___intlo_stack_hi                                    stack        000000
___intlo_stack_lo                                    stack        000000
___param_bank                                        (abs)        000000
___rparam_used                                       (abs)        000001
___sp                                                stack        000000
___stack_hi                                          stack        000000
___stack_lo                                          stack        000000
__accesstop                                          (abs)        000060
__activetblptr                                       (abs)        000003
__end_of_CLOCK_Initialize                            text14       001192
__end_of_EUSART1_FramingErrorCallbackRegister        text13       00117A
__end_of_EUSART1_Initialize                          text11       0010E0
__end_of_EUSART1_IsTxDone                            text4        0011BC
__end_of_EUSART1_IsTxReady                           text3        001136
__end_of_EUSART1_OverrunErrorCallbackRegister        text12       001158
__end_of_EUSART1_Write                               text2        001200
__end_of_INT0_SetInterruptHandler                    text10       0011F8
__end_of_INT1_SetInterruptHandler                    text9        0011EA
__end_of_INT2_SetInterruptHandler                    text8        0011DC
__end_of_INTERRUPT_Initialize                        text7        0010A2
__end_of_INTERRUPT_InterruptManager                  intcode      000030
__end_of_PIN_MANAGER_IOC                             text16       001202
__end_of_PIN_MANAGER_Initialize                      text6        000FF8
__end_of_SYSTEM_Initialize                           text5        0011CE
__end_of_UART1                                       smallconst   000F49
__end_of_UART1_sendString                            text1        00105C
__end_of__initialization                             cinit        00119E
__end_of_main                                        text0        00110C
__initialization                                     cinit        001192
__mediumconst                                        mediumconst  000000
__pbssCOMRAM                                         bssCOMRAM    000001
__pcinit                                             cinit        001192
__pcstackCOMRAM                                      cstackCOMRAM 000012
__pintcode                                           intcode      000008
__psmallconst                                        smallconst   000F00
__ptext0                                             text0        0010E0
__ptext1                                             text1        000FF8
__ptext10                                            text10       0011EA
__ptext11                                            text11       0010A2
__ptext12                                            text12       001136
__ptext13                                            text13       001158
__ptext14                                            text14       00117A
__ptext16                                            text16       001200
__ptext2                                             text2        0011F8
__ptext3                                             text3        00110C
__ptext4                                             text4        0011A8
__ptext5                                             text5        0011BC
__ptext6                                             text6        000F70
__ptext7                                             text7        00105C
__ptext8                                             text8        0011CE
__ptext9                                             text9        0011DC
__ramtop                                             ramtop       000F00
__smallconst                                         smallconst   000F00
_eusart1RxLastError                                  bssCOMRAM    000010
_main                                                text0        0010E0
btemp                                                temp         000017
end_of_initialization                                cinit        00119E
int$flags                                            temp         000017
intlevel0                                            text         000000
intlevel1                                            text         000000
intlevel2                                            text         000000
intlevel3                                            text         000000
isa$std                                              (abs)        000001
isa$xinst                                            (abs)        000000
stackhi                                              (abs)        000000
stacklo                                              (abs)        000000
start                                                init         000030
start_initialization                                 cinit        001192
ttemp5                                               temp         000018
ttemp6                                               temp         00001B
ttemp7                                               temp         00001F
wtemp8                                               temp         000018


MODULE INFORMATION

Module		Function		Class		Link	Load	Size
mcc_generated_files/system/src/interrupt.c
		_INT0_SetInterruptHandler		CODE           	11EA	0000	14
		_INT1_SetInterruptHandler		CODE           	11DC	0000	14
		_INT2_SetInterruptHandler		CODE           	11CE	0000	14
		_INTERRUPT_Initialize		CODE           	105C	0000	70
		_INTERRUPT_InterruptManager		CODE           	0008	0000	40

mcc_generated_files/system/src/interrupt.c estimated size: 152

mcc_generated_files/system/src/pins.c
		_PIN_MANAGER_Initialize		CODE           	0F70	0000	136
		_PIN_MANAGER_IOC		CODE           	1200	0000	2

mcc_generated_files/system/src/pins.c estimated size: 138

shared
		__initialization		CODE           	1192	0000	12
		_UART1         		SMALLCONST     	0F01	0000	72

shared estimated size: 84

mcc_generated_files/system/src/clock.c
		_CLOCK_Initialize		CODE           	117A	0000	24

mcc_generated_files/system/src/clock.c estimated size: 24

main.c
		_main          		CODE           	10E0	0000	44
		_UART1_sendString		CODE           	0FF8	0000	100

main.c estimated size: 144

mcc_generated_files/uart/src/eusart1.c
		_EUSART1_Initialize		CODE           	10A2	0000	62
		_EUSART1_IsTxDone		CODE           	11A8	0000	20
		_EUSART1_Write 		CODE           	11F8	0000	8
		_EUSART1_FramingErrorCallbackRegister		CODE           	1158	0000	34
		_EUSART1_IsTxReady		CODE           	110C	0000	42
		_EUSART1_OverrunErrorCallbackRegister		CODE           	1136	0000	34

mcc_generated_files/uart/src/eusart1.c estimated size: 200

mcc_generated_files/system/src/system.c
		_SYSTEM_Initialize		CODE           	11BC	0000	18

mcc_generated_files/system/src/system.c estimated size: 18

